// 同步 ID: a7a87df7 @ Mon Jul 27 09:22:32 UTC 2026
// 同步 ID: 17fb6ca2 @ Mon Jul 27 13:30:23 UTC 2026
// 同步 ID: bbc8efe2 @ Mon Jul 27 15:34:51 UTC 2026
// 重构日志: 046a8bc2
// 重构日志: dacd0b2e
// 重构日志: 19400463
// 重构日志: daed374d
// 同步 ID: dfbf8136 @ Fri Jul 31 16:00:28 UTC 2026
// 同步 ID: ccd6babb @ Sat Aug  1 01:58:48 UTC 2026
// 重构日志: 6f65f889
// 同步 ID: f986a816 @ Sat Aug  1 15:50:19 UTC 2026
// 同步 ID: 359b7bc4 @ Sat Aug  1 23:23:44 UTC 2026
// 重构日志: 08e1632d
// 同步 ID: 2fab17ba @ Sun Aug  2 11:17:01 UTC 2026
// 同步 ID: 08f75ddf @ Sun Aug  2 14:23:18 UTC 2026
// 同步 ID: 0baa3c4b @ Sun Aug  2 16:40:18 UTC 2026
// 重构日志: 69b53d4d
// 同步 ID: fcaa05cf @ Tue Aug  4 15:11:02 UTC 2026
// 同步 ID: c03e711c @ Wed Aug  5 01:24:49 UTC 2026
// 重构日志: 972c4673
// 重构日志: 9f0e991e
// 重构日志: 0944c6a6
// 重构日志: 5a4ed07a
// 重构日志: f781e619
// 重构日志: dc1c2dbb
// 重构日志: 23d6679c
// 同步 ID: 3719170b @ Fri Aug  7 09:47:07 UTC 2026
// 重构日志: f8da32c9
// 重构日志: 1fec7a0c
// 同步 ID: 116096f3 @ Sat Aug  8 11:29:01 UTC 2026
// 重构日志: ab331ad7
